== D_gdn_sweep_lr0.001 layers=DDDDDDDDDDDD params=13.81M (non-emb 9.61M) lr=0.001 steps=1500 tokens=12M
step     50 loss 9.4310 gnorm 0.76 lr 3.33e-04 8,632 tok/s 0.8min
step    100 loss 8.0376 gnorm 2.74 lr 6.63e-04 8,669 tok/s 1.6min
step    150 loss 7.3931 gnorm 1.04 lr 9.93e-04 8,383 tok/s 2.4min
step    200 loss 6.8934 gnorm 1.08 lr 9.97e-04 7,103 tok/s 3.4min
step    250 loss 6.6112 gnorm 0.81 lr 9.88e-04 6,549 tok/s 4.4min
step    300 loss 6.3102 gnorm 0.56 lr 9.73e-04 6,656 tok/s 5.4min
step    350 loss 6.0764 gnorm 0.58 lr 9.53e-04 6,897 tok/s 6.4min
step    400 loss 5.9477 gnorm 0.58 lr 9.27e-04 6,792 tok/s 7.4min
step    450 loss 5.7939 gnorm 1.44 lr 8.95e-04 6,727 tok/s 8.4min
step    500 loss 5.6914 gnorm 0.57 lr 8.60e-04 6,672 tok/s 9.5min
step    550 loss 5.5877 gnorm 0.62 lr 8.20e-04 6,633 tok/s 10.5min
step    600 loss 5.5191 gnorm 0.57 lr 7.76e-04 6,455 tok/s 11.5min
step    650 loss 5.3882 gnorm 0.61 lr 7.29e-04 6,294 tok/s 12.6min
step    700 loss 5.3650 gnorm 0.76 lr 6.80e-04 6,921 tok/s 13.6min
step    750 loss 5.2981 gnorm 0.65 lr 6.29e-04 7,081 tok/s 14.6min
step    800 loss 5.2135 gnorm 0.61 lr 5.77e-04 76 tok/s 103.8min
step    850 loss 5.1790 gnorm 0.63 lr 5.25e-04 841 tok/s 111.9min
step    900 loss 5.0917 gnorm 0.68 lr 4.73e-04 8,406 tok/s 112.8min
step    950 loss 5.0754 gnorm 0.67 lr 4.22e-04 8,673 tok/s 113.5min
step   1000 loss 5.0491 gnorm 0.69 lr 3.73e-04 8,686 tok/s 114.3min
step   1050 loss 4.9532 gnorm 0.68 lr 3.26e-04 8,679 tok/s 115.1min
step   1100 loss 4.9283 gnorm 0.65 lr 2.82e-04 8,420 tok/s 115.9min
step   1150 loss 4.9235 gnorm 0.69 lr 2.42e-04 7,752 tok/s 116.8min
step   1200 loss 4.8021 gnorm 0.66 lr 2.06e-04 7,469 tok/s 117.7min
step   1250 loss 4.8492 gnorm 0.71 lr 1.75e-04 7,692 tok/s 118.6min
step   1300 loss 4.8612 gnorm 0.69 lr 1.48e-04 7,095 tok/s 119.6min
step   1350 loss 4.8079 gnorm 0.71 lr 1.27e-04 7,588 tok/s 120.5min
step   1400 loss 4.7741 gnorm 0.77 lr 1.12e-04 7,344 tok/s 121.4min
step   1450 loss 4.7818 gnorm 0.66 lr 1.03e-04 7,558 tok/s 122.3min
step   1500 loss 4.7595 gnorm 0.73 lr 1.00e-04 7,600 tok/s 123.2min
FINAL D_gdn_sweep_lr0.001: all_text bpb 2.0643 macro 2.1673 tool 1.2995 | 123.2 min, 1,662 tok/s, peak 8.03 GB
== D_gdn_sweep_lr0.002 layers=DDDDDDDDDDDD params=13.81M (non-emb 9.61M) lr=0.002 steps=1500 tokens=12M
step     50 loss 9.1476 gnorm 0.46 lr 6.67e-04 7,170 tok/s 1.0min
step    100 loss 7.7259 gnorm 0.91 lr 1.33e-03 7,194 tok/s 1.9min
step    150 loss 7.2138 gnorm 1.10 lr 1.99e-03 7,389 tok/s 2.8min
step    200 loss 6.7856 gnorm 1.19 lr 1.99e-03 7,401 tok/s 3.7min
step    250 loss 6.4913 gnorm 0.59 lr 1.98e-03 7,587 tok/s 4.6min
step    300 loss 6.1926 gnorm 0.51 lr 1.95e-03 7,703 tok/s 5.5min
step    350 loss 5.9529 gnorm 0.52 lr 1.91e-03 7,596 tok/s 6.4min
step    400 loss 5.8182 gnorm 0.52 lr 1.85e-03 6,746 tok/s 7.4min
step    450 loss 5.6746 gnorm 0.58 lr 1.79e-03 7,680 tok/s 8.3min
step    500 loss 5.5745 gnorm 0.49 lr 1.72e-03 7,389 tok/s 9.3min
step    550 loss 5.4834 gnorm 0.53 lr 1.64e-03 7,109 tok/s 10.2min
step    600 loss 5.4125 gnorm 0.50 lr 1.55e-03 7,321 tok/s 11.1min
step    650 loss 5.2936 gnorm 0.50 lr 1.46e-03 7,717 tok/s 12.0min
step    700 loss 5.2697 gnorm 0.65 lr 1.36e-03 7,729 tok/s 12.9min
step    750 loss 5.2064 gnorm 0.54 lr 1.26e-03 6,817 tok/s 13.9min
step    800 loss 5.1118 gnorm 0.50 lr 1.15e-03 7,246 tok/s 14.9min
step    850 loss 5.0755 gnorm 0.52 lr 1.05e-03 7,070 tok/s 15.8min
step    900 loss 4.9886 gnorm 0.50 lr 9.46e-04 7,156 tok/s 16.8min
step    950 loss 4.9678 gnorm 0.52 lr 8.44e-04 6,756 tok/s 17.8min
step   1000 loss 4.9385 gnorm 0.56 lr 7.45e-04 6,697 tok/s 18.8min
step   1050 loss 4.8379 gnorm 0.55 lr 6.52e-04 7,508 tok/s 19.7min
step   1100 loss 4.8102 gnorm 0.51 lr 5.64e-04 7,613 tok/s 20.6min
step   1150 loss 4.8051 gnorm 0.55 lr 4.84e-04 7,539 tok/s 21.5min
step   1200 loss 4.6807 gnorm 0.53 lr 4.12e-04 7,566 tok/s 22.4min
step   1250 loss 4.7288 gnorm 0.54 lr 3.49e-04 7,469 tok/s 23.3min
step   1300 loss 4.7370 gnorm 0.54 lr 2.97e-04 7,313 tok/s 24.3min
step   1350 loss 4.6799 gnorm 0.55 lr 2.55e-04 6,973 tok/s 25.3min
step   1400 loss 4.6428 gnorm 0.60 lr 2.25e-04 7,159 tok/s 26.2min
step   1450 loss 4.6485 gnorm 0.52 lr 2.06e-04 7,322 tok/s 27.1min
step   1500 loss 4.6254 gnorm 0.57 lr 2.00e-04 7,556 tok/s 28.0min
FINAL D_gdn_sweep_lr0.002: all_text bpb 2.0007 macro 2.1014 tool 1.2518 | 28.0 min, 7,304 tok/s, peak 8.03 GB
== D_gdn_sweep_lr0.004 layers=DDDDDDDDDDDD params=13.81M (non-emb 9.61M) lr=0.004 steps=1500 tokens=12M
step     50 loss 8.8785 gnorm 1.14 lr 1.33e-03 7,490 tok/s 0.9min
step    100 loss 7.6658 gnorm 3.63 lr 2.65e-03 7,498 tok/s 1.8min
step    150 loss 7.2942 gnorm 0.82 lr 3.97e-03 7,415 tok/s 2.7min
step    200 loss 6.8464 gnorm 0.62 lr 3.99e-03 7,221 tok/s 3.7min
step    250 loss 6.4815 gnorm 0.40 lr 3.95e-03 6,272 tok/s 4.8min
step    300 loss 6.1579 gnorm 0.34 lr 3.89e-03 6,282 tok/s 5.9min
step    350 loss 5.9239 gnorm 0.45 lr 3.81e-03 6,571 tok/s 6.9min
step    400 loss 5.8093 gnorm 0.34 lr 3.71e-03 6,722 tok/s 7.9min
step    450 loss 5.6874 gnorm 0.35 lr 3.58e-03 6,956 tok/s 8.9min
step    500 loss 5.5929 gnorm 0.31 lr 3.44e-03 7,260 tok/s 9.8min
step    550 loss 5.5101 gnorm 0.33 lr 3.28e-03 7,228 tok/s 10.8min
step    600 loss 5.4437 gnorm 0.32 lr 3.10e-03 7,205 tok/s 11.7min
step    650 loss 5.3249 gnorm 0.35 lr 2.92e-03 7,291 tok/s 12.7min
step    700 loss 5.2990 gnorm 0.46 lr 2.72e-03 7,702 tok/s 13.6min
